<html>
<body>
<pre>
<h1>µVision Build Log</h1>
<h2>Tool Versions:</h2>
IDE-Version: ¦ÌVision V5.32.0.0
Copyright (C) 2020 ARM Ltd and ARM Germany GmbH. All rights reserved.
License Information: a 697, 1, LIC=HN0AE-5NQNV-56WQ2-9XZMG-RZ7PM-FKW9J
 
Tool Versions:
Toolchain:       MDK-ARM Plus  Version: 5.32.0.0
Toolchain Path:  D:\Keil_V5\ARM\ARMCC\Bin
C Compiler:      Armcc.exe V5.06 update 7 (build 960)
Assembler:       Armasm.exe V5.06 update 7 (build 960)
Linker/Locator:  ArmLink.exe V5.06 update 7 (build 960)
Library Manager: ArmAr.exe V5.06 update 7 (build 960)
Hex Converter:   FromElf.exe V5.06 update 7 (build 960)
CPU DLL:         SARMCM3.DLL V5.32.0.0
Dialog DLL:      DARMSTM.DLL V1.68.0.0
Target DLL:      STLink\ST-LINKIII-KEIL_SWO.dll V3.0.8.0
Dialog DLL:      TARMSTM.DLL V1.66.0.0
 
<h2>Project:</h2>
E:\¼¹Öù½ÃÕý\MOTOR+ESP\Project\MDK-ARM\control.uvprojx
Project File Date:  07/09/2023

<h2>Output:</h2>
*** Using Compiler 'V5.06 update 7 (build 960)', folder: 'D:\Keil_V5\ARM\ARMCC\Bin'
Rebuild target 'control'
compiling usart.c...
compiling main.c...
compiling delay.c...
compiling bsp_motor_init.c...
..\src\bsp_motor_init.c(24): warning:  #177-D: function "BSP_Switch_Init"  was declared but never referenced
  static void BSP_Switch_Init(GPIO_TypeDef * Motor_port, uint16_t Switch_Pin, uint32_t Port_Rcc)
..\src\bsp_motor_init.c: 1 warning, 0 errors
compiling usart_scan.c...
..\src\usart_scan.c(6): warning:  #177-D: function "max"  was declared but never referenced
  static int max(int a,int b)
..\src\usart_scan.c: 1 warning, 0 errors
compiling motor_control.c...
compiling esp8266.c...
compiling bsp_key.c...
compiling stm32f10x_dbgmcu.c...
compiling misc.c...
compiling stm32f10x_exti.c...
compiling stm32f10x_fsmc.c...
compiling stm32f10x_sdio.c...
compiling stm32f10x_pwr.c...
compiling stm32f10x_gpio.c...
compiling stm32f10x_flash.c...
compiling core_cm3.c...
compiling stm32f10x_rcc.c...
compiling stm32f10x_usart.c...
assembling startup_stm32f10x_hd.s...
compiling stm32f10x_rtc.c...
compiling stm32f10x_tim.c...
compiling stm32f10x_dac.c...
compiling stm32f10x_adc.c...
compiling stm32f10x_i2c.c...
compiling system_stm32f10x.c...
linking...
Program Size: Code=7316 RO-data=336 RW-data=172 ZI-data=1812  
FromELF: creating hex file...
".\Obj\USART.axf" - 0 Error(s), 2 Warning(s).

<h2>Software Packages used:</h2>

Package Vendor: ARM
                http://www.keil.com/pack/ARM.CMSIS.5.7.0.pack
                ARM.CMSIS.5.7.0
                CMSIS (Cortex Microcontroller Software Interface Standard)
   * Component: CORE Version: 5.4.0

Package Vendor: Keil
                http://www.keil.com/pack/Keil.STM32F1xx_DFP.1.1.0.pack
                Keil.STM32F1xx_DFP.1.1.0
                STMicroelectronics STM32F1 Series Device Support, Drivers and Examples

<h2>Collection of Component include folders:</h2>
  .\RTE\_control
  C:\Users\697\AppData\Local\Arm\Packs\ARM\CMSIS\5.7.0\CMSIS\Core\Include
  C:\Users\697\AppData\Local\Arm\Packs\Keil\STM32F1xx_DFP\1.1.0\Device\Include

<h2>Collection of Component Files used:</h2>

   * Component: ARM::CMSIS:CORE:5.4.0
Build Time Elapsed:  00:00:01
</pre>
</body>
</html>
